// Jest Snapshot v1, https://goo.gl/fbAQLP

exports[`render avatar 1`] = `
<div
  className="sc-bczRLJ fHRskr"
  onClick={[Function]}
  shape="circle"
  size="small"
/>
`;
